[LOG] FMOD_System_Create                       : Header version = 2.03.13. Current version = 2.03.13.
[LOG] system_create                            : Header version = 2.03.13. Current version = 2.03.13.
[LOG] SystemI::setOutputInternal               : Setting output to 'FMOD WASAPI Output'
[LOG] Manager::init                            : maxchannels = 256 studioflags = 00000006 flags 00000000 extradriverdata 0000000000000000.
[LOG] SystemI::init                            : Initialize version=20313 (162576), maxchannels=256, flags=0x00020000
[LOG] OutputWASAPI::init                       : Mix Format (WAVEFORMATEX): wFormatTag=0xFFFE, nChannels=2, nSamplesPerSec=48000, nAvgBytesPerSec=384000, nBlockAlign=8, wBitsPerSample=32, cbSize=22.
[LOG] OutputWASAPI::init                       : Mix Format (WAVEFORMATEXTENSIBLE): wValidBitsPerSample=32, dwChannelMask=0x00000003, SubFormat=00000003-0000-0010-8000-00AA00389B71.
[LOG] OutputWASAPI::init                       : Output buffer size: 2048 samples, latency: 0.00ms, period: 10.00ms, DSP buffer: 512 * 4
[LOG] Thread::initThread                       : Init FMOD stream thread. Affinity: 0x4000000000000003, Priority: 0xFFFF7FFB, Stack Size: 98304, Semaphore: No, Sleep Time: 10, Looping: Yes.
[LOG] SystemI::DSPCodecPoolRegister            : register codec pool for pool type 0
[LOG] Thread::initThread                       : Init FMOD mixer thread. Affinity: 0x4000000000000001, Priority: 0xFFFF7FFA, Stack Size: 81920, Semaphore: No, Sleep Time: 0, Looping: Yes.
[LOG] AsyncManager::init                       : manager 000001AC0D6A4B98 isAsync 0 updatePeriod 0.02
[LOG] AsyncManager::init                       : done
[LOG] PlaybackSystem::init                     : 
[LOG] Thread::initThread                       : Init FMOD Studio sample load thread. Affinity: 0x4000000000000003, Priority: 0xFFFF7FFD, Stack Size: 98304, Semaphore: No, Sleep Time: 1, Looping: No.
[LOG] PlaybackSystem::init                     : done
[LOG] Thread::initThread                       : Init FMOD Studio bank load thread. Affinity: 0x4000000000000003, Priority: 0xFFFF7FFD, Stack Size: 98304, Semaphore: No, Sleep Time: 1, Looping: No.
[LOG] Manager::init                            : done.
[LOG] BankLoader::serializeBank                : fileversion = 146, compatVersion = 146 (oldest = 44, newest = 146)
[LOG] BankLoader::serializeBank                : fileversion = 146, compatVersion = 146 (oldest = 44, newest = 146)
[LOG] PlaybackSystem::acquireMasterBus         : Setting master channel group format to 6
[LOG] SystemI::createSoundInternal             : Create name='', mode=0x02000202
[LOG] SystemI::createSoundInternal             : exinfo->cbsize             = 224
[LOG] SystemI::createSoundInternal             : exinfo->length             = 10295840
[LOG] SystemI::createSoundInternal             : exinfo->fileoffset         = 112928
[LOG] SystemI::createSoundInternal             : exinfo->numsubsounds       = 1
[LOG] SystemI::createSoundInternal             : exinfo->inclusionlist      = 000000398B5FEBB8
[LOG] SystemI::createSoundInternal             : exinfo->inclusionlistnum   = 1
[LOG] SystemI::createSoundInternal             : exinfo->suggestedsoundtype = 5
[LOG] SystemI::createSoundInternal             : exinfo->useropen           = 00007FFEFF1DDA70
[LOG] SystemI::createSoundInternal             : exinfo->userclose          = 00007FFEFF1DDA30
[LOG] SystemI::createSoundInternal             : exinfo->userread           = 00007FFEFF1DDB50
[LOG] SystemI::createSoundInternal             : exinfo->userseek           = 00007FFEFF1DDC10
[LOG] SystemI::createSoundInternal             : exinfo->fileuserdata       = 000001ACDD860608
[LOG] SystemI::createSoundInternal             : exinfo->initialseekpostype = 1
[LOG] SystemI::DSPCodecPoolRegister            : register codec pool for pool type 4
[LOG] SystemI::createSoundInternal             : Sample 0/1: name='Statue_footstep_head_01', format=5, channels=2, frequency=48000, lengthbytes=9600, lengthpcm=33000, pcmblocksize=0, loopstart=0, loopend=0, mode=0x00000000, channelmask=0x00000000, channelorder=0, peakvolume=0.118439.
[LOG] SystemI::createSoundInternal             : Create name='', mode=0x02000202
[LOG] SystemI::createSoundInternal             : exinfo->cbsize             = 224
[LOG] SystemI::createSoundInternal             : exinfo->length             = 10295840
[LOG] SystemI::createSoundInternal             : exinfo->fileoffset         = 112928
[LOG] SystemI::createSoundInternal             : exinfo->numsubsounds       = 1
[LOG] SystemI::createSoundInternal             : exinfo->inclusionlist      = 000000398B5FEBB8
[LOG] SystemI::createSoundInternal             : exinfo->inclusionlistnum   = 1
[LOG] SystemI::createSoundInternal             : exinfo->suggestedsoundtype = 5
[LOG] SystemI::createSoundInternal             : exinfo->useropen           = 00007FFEFF1DDA70
[LOG] SystemI::createSoundInternal             : exinfo->userclose          = 00007FFEFF1DDA30
[LOG] SystemI::createSoundInternal             : exinfo->userread           = 00007FFEFF1DDB50
[LOG] SystemI::createSoundInternal             : exinfo->userseek           = 00007FFEFF1DDC10
[LOG] SystemI::createSoundInternal             : exinfo->fileuserdata       = 000001ACDD860608
[LOG] SystemI::createSoundInternal             : exinfo->initialseekpostype = 1
[LOG] SystemI::DSPCodecPoolRegister            : register codec pool for pool type 4
[LOG] SystemI::createSoundInternal             : Sample 0/1: name='Statue_footstep_head_03', format=5, channels=2, frequency=48000, lengthbytes=9888, lengthpcm=33000, pcmblocksize=0, loopstart=0, loopend=0, mode=0x00000000, channelmask=0x00000000, channelorder=0, peakvolume=0.187561.
[LOG] SystemI::createSoundInternal             : Create name='', mode=0x02000202
[LOG] SystemI::createSoundInternal             : exinfo->cbsize             = 224
[LOG] SystemI::createSoundInternal             : exinfo->length             = 10295840
[LOG] SystemI::createSoundInternal             : exinfo->fileoffset         = 112928
[LOG] SystemI::createSoundInternal             : exinfo->numsubsounds       = 1
[LOG] SystemI::createSoundInternal             : exinfo->inclusionlist      = 000000398B5FEBB8
[LOG] SystemI::createSoundInternal             : exinfo->inclusionlistnum   = 1
[LOG] SystemI::createSoundInternal             : exinfo->suggestedsoundtype = 5
[LOG] SystemI::createSoundInternal             : exinfo->useropen           = 00007FFEFF1DDA70
[LOG] SystemI::createSoundInternal             : exinfo->userclose          = 00007FFEFF1DDA30
[LOG] SystemI::createSoundInternal             : exinfo->userread           = 00007FFEFF1DDB50
[LOG] SystemI::createSoundInternal             : exinfo->userseek           = 00007FFEFF1DDC10
[LOG] SystemI::createSoundInternal             : exinfo->fileuserdata       = 000001ACDD860608
[LOG] SystemI::createSoundInternal             : exinfo->initialseekpostype = 1
[LOG] SystemI::DSPCodecPoolRegister            : register codec pool for pool type 4
[LOG] SystemI::createSoundInternal             : Sample 0/1: name='Statue_footstep_head_05', format=5, channels=2, frequency=48000, lengthbytes=9568, lengthpcm=33000, pcmblocksize=0, loopstart=0, loopend=0, mode=0x00000000, channelmask=0x00000000, channelorder=0, peakvolume=0.123230.
[LOG] SystemI::createSoundInternal             : Create name='', mode=0x02000202
[LOG] SystemI::createSoundInternal             : exinfo->cbsize             = 224
[LOG] SystemI::createSoundInternal             : exinfo->length             = 10295840
[LOG] SystemI::createSoundInternal             : exinfo->fileoffset         = 112928
[LOG] SystemI::createSoundInternal             : exinfo->numsubsounds       = 1
[LOG] SystemI::createSoundInternal             : exinfo->inclusionlist      = 000000398B5FEBB8
[LOG] SystemI::createSoundInternal             : exinfo->inclusionlistnum   = 1
[LOG] SystemI::createSoundInternal             : exinfo->suggestedsoundtype = 5
[LOG] SystemI::createSoundInternal             : exinfo->useropen           = 00007FFEFF1DDA70
[LOG] SystemI::createSoundInternal             : exinfo->userclose          = 00007FFEFF1DDA30
[LOG] SystemI::createSoundInternal             : exinfo->userread           = 00007FFEFF1DDB50
[LOG] SystemI::createSoundInternal             : exinfo->userseek           = 00007FFEFF1DDC10
[LOG] SystemI::createSoundInternal             : exinfo->fileuserdata       = 000001ACDD860608
[LOG] SystemI::createSoundInternal             : exinfo->initialseekpostype = 1
[LOG] SystemI::DSPCodecPoolRegister            : register codec pool for pool type 4
[LOG] SystemI::createSoundInternal             : Sample 0/1: name='Statue_footstep_head_02', format=5, channels=2, frequency=48000, lengthbytes=9632, lengthpcm=33000, pcmblocksize=0, loopstart=0, loopend=0, mode=0x00000000, channelmask=0x00000000, channelorder=0, peakvolume=0.180054.
[LOG] SystemI::createSoundInternal             : Create name='', mode=0x02000202
[LOG] SystemI::createSoundInternal             : exinfo->cbsize             = 224
[LOG] SystemI::createSoundInternal             : exinfo->length             = 10295840
[LOG] SystemI::createSoundInternal             : exinfo->fileoffset         = 112928
[LOG] SystemI::createSoundInternal             : exinfo->numsubsounds       = 1
[LOG] SystemI::createSoundInternal             : exinfo->inclusionlist      = 000000398B5FEBB8
[LOG] SystemI::createSoundInternal             : exinfo->inclusionlistnum   = 1
[LOG] SystemI::createSoundInternal             : exinfo->suggestedsoundtype = 5
[LOG] SystemI::createSoundInternal             : exinfo->useropen           = 00007FFEFF1DDA70
[LOG] SystemI::createSoundInternal             : exinfo->userclose          = 00007FFEFF1DDA30
[LOG] SystemI::createSoundInternal             : exinfo->userread           = 00007FFEFF1DDB50
[LOG] SystemI::createSoundInternal             : exinfo->userseek           = 00007FFEFF1DDC10
[LOG] SystemI::createSoundInternal             : exinfo->fileuserdata       = 000001ACDD860608
[LOG] SystemI::createSoundInternal             : exinfo->initialseekpostype = 1
[LOG] SystemI::DSPCodecPoolRegister            : register codec pool for pool type 4
[LOG] SystemI::createSoundInternal             : Sample 0/1: name='Statue_footstep_head_04', format=5, channels=2, frequency=48000, lengthbytes=10016, lengthpcm=33000, pcmblocksize=0, loopstart=0, loopend=0, mode=0x00000000, channelmask=0x00000000, channelorder=0, peakvolume=0.132172.
[LOG] SystemI::createSoundInternal             : Create name='', mode=0x02000202
[LOG] SystemI::createSoundInternal             : exinfo->cbsize             = 224
[LOG] SystemI::createSoundInternal             : exinfo->length             = 10295840
[LOG] SystemI::createSoundInternal             : exinfo->fileoffset         = 112928
[LOG] SystemI::createSoundInternal             : exinfo->numsubsounds       = 1
[LOG] SystemI::createSoundInternal             : exinfo->inclusionlist      = 000000398B5FEBB8
[LOG] SystemI::createSoundInternal             : exinfo->inclusionlistnum   = 1
[LOG] SystemI::createSoundInternal             : exinfo->suggestedsoundtype = 5
[LOG] SystemI::createSoundInternal             : exinfo->useropen           = 00007FFEFF1DDA70
[LOG] SystemI::createSoundInternal             : exinfo->userclose          = 00007FFEFF1DDA30
[LOG] SystemI::createSoundInternal             : exinfo->userread           = 00007FFEFF1DDB50
[LOG] SystemI::createSoundInternal             : exinfo->userseek           = 00007FFEFF1DDC10
[LOG] SystemI::createSoundInternal             : exinfo->fileuserdata       = 000001ACDD860608
[LOG] SystemI::createSoundInternal             : exinfo->initialseekpostype = 1
[LOG] SystemI::DSPCodecPoolRegister            : register codec pool for pool type 4
[LOG] SystemI::createSoundInternal             : Sample 0/1: name='Statue_footstep_head_07', format=5, channels=2, frequency=48000, lengthbytes=9600, lengthpcm=33000, pcmblocksize=0, loopstart=0, loopend=0, mode=0x00000000, channelmask=0x00000000, channelorder=0, peakvolume=0.160889.
[LOG] SystemI::createSoundInternal             : Create name='', mode=0x02000202
[LOG] SystemI::createSoundInternal             : exinfo->cbsize             = 224
[LOG] SystemI::createSoundInternal             : exinfo->length             = 10295840
[LOG] SystemI::createSoundInternal             : exinfo->fileoffset         = 112928
[LOG] SystemI::createSoundInternal             : exinfo->numsubsounds       = 1
[LOG] SystemI::createSoundInternal             : exinfo->inclusionlist      = 000000398B5FEBB8
[LOG] SystemI::createSoundInternal             : exinfo->inclusionlistnum   = 1
[LOG] SystemI::createSoundInternal             : exinfo->suggestedsoundtype = 5
[LOG] SystemI::createSoundInternal             : exinfo->useropen           = 00007FFEFF1DDA70
[LOG] SystemI::createSoundInternal             : exinfo->userclose          = 00007FFEFF1DDA30
[LOG] SystemI::createSoundInternal             : exinfo->userread           = 00007FFEFF1DDB50
[LOG] SystemI::createSoundInternal             : exinfo->userseek           = 00007FFEFF1DDC10
[LOG] SystemI::createSoundInternal             : exinfo->fileuserdata       = 000001ACDD860608
[LOG] SystemI::createSoundInternal             : exinfo->initialseekpostype = 1
[LOG] SystemI::DSPCodecPoolRegister            : register codec pool for pool type 4
[LOG] SystemI::createSoundInternal             : Sample 0/1: name='Statue_footstep_head_06', format=5, channels=2, frequency=48000, lengthbytes=9920, lengthpcm=33000, pcmblocksize=0, loopstart=0, loopend=0, mode=0x00000000, channelmask=0x00000000, channelorder=0, peakvolume=0.161133.
[LOG] SystemI::createSound                     : filename = Assets/FMOD_project/QMD/Build/Desktop/Master.bank : mode 02010081
[LOG] SystemI::createSound                     : FMOD_NONBLOCKING specified.  Putting into queue to be opened asynchronously!
[LOG] AsyncThread::getAsyncThread              : index = 0 / 5
[LOG] Thread::initThread                       : Init FMOD nonblocking thread (0). Affinity: 0x4000000000000003, Priority: 0xFFFF7FFC, Stack Size: 114688, Semaphore: Yes, Sleep Time: 0, Looping: Yes.
[LOG] AsyncThread::add                         : add sound to async queue : soundi = 000001AD2500AD78, queue head = 000001AD2500C958, queue count = 0
[LOG] AsyncThread::threadFunc                  : Starting Asynchronous operation on sound 000001AD2500AD78
[LOG] SystemI::createSound                     :     filename = Assets/FMOD_project/QMD/Build/Desktop/Master.bank : mode 02010081
[LOG] SystemI::createSoundInternal             :     Create name='Assets/FMOD_project/QMD/Build/Desktop/Master.bank', mode=0x02010081
[LOG] SystemI::createSound                     :     FMOD_NONBLOCKING specified.  Putting into queue to be opened asynchronously!
[LOG] SystemI::createSoundInternal             :     exinfo->cbsize             = 224
[LOG] AsyncThread::getAsyncThread              :     index = 0 / 5
[LOG] SystemI::createSoundInternal             :     exinfo->length             = 10295840
[LOG] AsyncThread::add                         :     add sound to async queue : soundi = 000001AD25009798, queue head = 000001AD2500C958, queue count = 0
[LOG] SystemI::createSoundInternal             :     exinfo->fileoffset         = 112928
[LOG] SystemI::createSoundInternal             :     exinfo->numsubsounds       = 1
[LOG] SystemI::createSoundInternal             :     exinfo->inclusionlist      = 000001AD28849BC8
[LOG] SystemI::createSoundInternal             :     exinfo->inclusionlistnum   = 1
[LOG] SystemI::createSoundInternal             :     exinfo->suggestedsoundtype = 5
[LOG] SystemI::createSoundInternal             :     exinfo->initialseekpostype = 1
[LOG] SystemI::createSoundInternal             :     Stream 0/1: name='statue_activate_02', format=5, channels=2, frequency=48000, lengthbytes=235264, lengthpcm=624000, pcmblocksize=0, loopstart=0, loopend=0, mode=0x00000000, channelmask=0x00000000, channelorder=0, peakvolume=0.088959.
[LOG] Thread::initThread                       :     Init FMOD file thread. Affinity: 0x4000000000000003, Priority: 0xFFFF7FFC, Stack Size: 65536, Semaphore: No, Sleep Time: 10, Looping: Yes.
[LOG] AsyncThread::threadFunc                  : Finished Asynchronous operation on sound 000001AD2500AD78
[LOG] AsyncThread::threadFunc                  : Starting Asynchronous operation on sound 000001AD25009798
[LOG] SystemI::createSoundInternal             :     Create name='Assets/FMOD_project/QMD/Build/Desktop/Master.bank', mode=0x02010081
[LOG] SystemI::createSoundInternal             :     exinfo->cbsize             = 224
[LOG] SystemI::createSoundInternal             :     exinfo->length             = 10295840
[LOG] SystemI::createSoundInternal             :     exinfo->fileoffset         = 112928
[LOG] SystemI::createSoundInternal             :     exinfo->numsubsounds       = 1
[LOG] SystemI::createSoundInternal             :     exinfo->inclusionlist      = 000001AD2884B488
[LOG] SystemI::createSoundInternal             :     exinfo->inclusionlistnum   = 1
[LOG] SystemI::createSoundInternal             :     exinfo->suggestedsoundtype = 5
[LOG] SystemI::createSoundInternal             :     exinfo->initialseekpostype = 1
[LOG] SystemI::createSoundInternal             :     Stream 0/1: name='QMD_statue_breathe_04', format=5, channels=2, frequency=48000, lengthbytes=153664, lengthpcm=678000, pcmblocksize=0, loopstart=0, loopend=0, mode=0x00000000, channelmask=0x00000000, channelorder=0, peakvolume=0.075287.
[LOG] AsyncThread::threadFunc                  : Finished Asynchronous operation on sound 000001AD25009798
[LOG] AsyncThread::add                         : add sound to async queue : soundi = 000001ACED3A6548, queue head = 000001AD2500C958, queue count = 0
[LOG] AsyncThread::threadFunc                  : Starting Asynchronous operation on sound 000001ACED3A6548
[LOG] AsyncThread::threadFunc                  : Finished Asynchronous operation on sound 000001ACED3A6548
[LOG] SoundI::release                          : QMD_statue_breathe_04 (000001AD25009798)
[LOG] SoundI::release                          :     QMD_statue_breathe_04 (000001A86759D2A8)
[LOG] SoundI::release                          :     QMD_statue_breathe_04 (000001ACED3A6D18)
[LOG] SoundI::release                          : statue_activate_02 (000001AD2500AD78)
[LOG] SoundI::release                          :     statue_activate_02 (000001A86759D128)
[LOG] SoundI::release                          :     statue_activate_02 (000001ACED3A6548)
[LOG] SystemI::createSound                     : filename = Assets/FMOD_project/QMD/Build/Desktop/Master.bank : mode 02010081
[LOG] SystemI::createSound                     : FMOD_NONBLOCKING specified.  Putting into queue to be opened asynchronously!
[LOG] AsyncThread::getAsyncThread              : index = 0 / 5
[LOG] AsyncThread::add                         : add sound to async queue : soundi = 000001ACE5E28F68, queue head = 000001AD2500C958, queue count = 0
[LOG] AsyncThread::threadFunc                  : Starting Asynchronous operation on sound 000001ACE5E28F68
[LOG] SystemI::createSoundInternal             :     Create name='Assets/FMOD_project/QMD/Build/Desktop/Master.bank', mode=0x02010081
[LOG] SystemI::createSoundInternal             :     exinfo->cbsize             = 224
[LOG] SystemI::createSoundInternal             :     exinfo->length             = 10295840
[LOG] SystemI::createSoundInternal             :     exinfo->fileoffset         = 112928
[LOG] SystemI::createSoundInternal             :     exinfo->numsubsounds       = 1
[LOG] SystemI::createSoundInternal             :     exinfo->inclusionlist      = 000001ADA3A9D8B8
[LOG] SystemI::createSoundInternal             :     exinfo->inclusionlistnum   = 1
[LOG] SystemI::createSoundInternal             :     exinfo->suggestedsoundtype = 5
[LOG] SystemI::createSoundInternal             :     exinfo->initialseekpostype = 1
[LOG] SystemI::createSoundInternal             :     Stream 0/1: name='QMD_statue_breathe_06', format=5, channels=2, frequency=48000, lengthbytes=177568, lengthpcm=678000, pcmblocksize=0, loopstart=0, loopend=0, mode=0x00000000, channelmask=0x00000000, channelorder=0, peakvolume=0.136688.
[LOG] AsyncThread::threadFunc                  : Finished Asynchronous operation on sound 000001ACE5E28F68
[LOG] SoundI::release                          : QMD_statue_breathe_06 (000001ACE5E28F68)
[LOG] SoundI::release                          :     QMD_statue_breathe_06 (000001A86759D128)
[LOG] SoundI::release                          :     QMD_statue_breathe_06 (000001ACED3A9A68)
[LOG] SystemI::createSoundInternal             : Create name='', mode=0x02000202
[LOG] SystemI::createSoundInternal             : exinfo->cbsize             = 224
[LOG] SystemI::createSoundInternal             : exinfo->length             = 10295840
[LOG] SystemI::createSoundInternal             : exinfo->fileoffset         = 112928
[LOG] SystemI::createSoundInternal             : exinfo->numsubsounds       = 1
[LOG] SystemI::createSoundInternal             : exinfo->inclusionlist      = 000000398B5FEBB8
[LOG] SystemI::createSoundInternal             : exinfo->inclusionlistnum   = 1
[LOG] SystemI::createSoundInternal             : exinfo->suggestedsoundtype = 5
[LOG] SystemI::createSoundInternal             : exinfo->useropen           = 00007FFEFF1DDA70
[LOG] SystemI::createSoundInternal             : exinfo->userclose          = 00007FFEFF1DDA30
[LOG] SystemI::createSoundInternal             : exinfo->userread           = 00007FFEFF1DDB50
[LOG] SystemI::createSoundInternal             : exinfo->userseek           = 00007FFEFF1DDC10
[LOG] SystemI::createSoundInternal             : exinfo->fileuserdata       = 000001ACDDFA2FC8
[LOG] SystemI::createSoundInternal             : exinfo->initialseekpostype = 1
[LOG] SystemI::DSPCodecPoolRegister            : register codec pool for pool type 4
[LOG] SystemI::createSoundInternal             : Sample 0/1: name='Statue_footstep_armor_05', format=5, channels=2, frequency=48000, lengthbytes=9792, lengthpcm=33000, pcmblocksize=0, loopstart=0, loopend=0, mode=0x00000000, channelmask=0x00000000, channelorder=0, peakvolume=0.185577.
[LOG] SystemI::createSoundInternal             : Create name='', mode=0x02000202
[LOG] SystemI::createSoundInternal             : exinfo->cbsize             = 224
[LOG] SystemI::createSoundInternal             : exinfo->length             = 10295840
[LOG] SystemI::createSoundInternal             : exinfo->fileoffset         = 112928
[LOG] SystemI::createSoundInternal             : exinfo->numsubsounds       = 1
[LOG] SystemI::createSoundInternal             : exinfo->inclusionlist      = 000000398B5FEBB8
[LOG] SystemI::createSoundInternal             : exinfo->inclusionlistnum   = 1
[LOG] SystemI::createSoundInternal             : exinfo->suggestedsoundtype = 5
[LOG] SystemI::createSoundInternal             : exinfo->useropen           = 00007FFEFF1DDA70
[LOG] SystemI::createSoundInternal             : exinfo->userclose          = 00007FFEFF1DDA30
[LOG] SystemI::createSoundInternal             : exinfo->userread           = 00007FFEFF1DDB50
[LOG] SystemI::createSoundInternal             : exinfo->userseek           = 00007FFEFF1DDC10
[LOG] SystemI::createSoundInternal             : exinfo->fileuserdata       = 000001ACDDFA2FC8
[LOG] SystemI::createSoundInternal             : exinfo->initialseekpostype = 1
[LOG] SystemI::DSPCodecPoolRegister            : register codec pool for pool type 4
[LOG] SystemI::createSoundInternal             : Sample 0/1: name='Statue_footstep_armor_09', format=5, channels=2, frequency=48000, lengthbytes=9536, lengthpcm=33000, pcmblocksize=0, loopstart=0, loopend=0, mode=0x00000000, channelmask=0x00000000, channelorder=0, peakvolume=0.095734.
[LOG] SystemI::createSoundInternal             : Create name='', mode=0x02000202
[LOG] SystemI::createSoundInternal             : exinfo->cbsize             = 224
[LOG] SystemI::createSoundInternal             : exinfo->length             = 10295840
[LOG] SystemI::createSoundInternal             : exinfo->fileoffset         = 112928
[LOG] SystemI::createSoundInternal             : exinfo->numsubsounds       = 1
[LOG] SystemI::createSoundInternal             : exinfo->inclusionlist      = 000000398B5FEBB8
[LOG] SystemI::createSoundInternal             : exinfo->inclusionlistnum   = 1
[LOG] SystemI::createSoundInternal             : exinfo->suggestedsoundtype = 5
[LOG] SystemI::createSoundInternal             : exinfo->useropen           = 00007FFEFF1DDA70
[LOG] SystemI::createSoundInternal             : exinfo->userclose          = 00007FFEFF1DDA30
[LOG] SystemI::createSoundInternal             : exinfo->userread           = 00007FFEFF1DDB50
[LOG] SystemI::createSoundInternal             : exinfo->userseek           = 00007FFEFF1DDC10
[LOG] SystemI::createSoundInternal             : exinfo->fileuserdata       = 000001ACDDFA2FC8
[LOG] SystemI::createSoundInternal             : exinfo->initialseekpostype = 1
[LOG] SystemI::DSPCodecPoolRegister            : register codec pool for pool type 4
[LOG] SystemI::createSoundInternal             : Sample 0/1: name='Statue_footstep_base_02', format=5, channels=2, frequency=48000, lengthbytes=15936, lengthpcm=60000, pcmblocksize=0, loopstart=0, loopend=0, mode=0x00000000, channelmask=0x00000000, channelorder=0, peakvolume=0.098175.
[LOG] SystemI::createSoundInternal             : Create name='', mode=0x02000202
[LOG] SystemI::createSoundInternal             : exinfo->cbsize             = 224
[LOG] SystemI::createSoundInternal             : exinfo->length             = 10295840
[LOG] SystemI::createSoundInternal             : exinfo->fileoffset         = 112928
[LOG] SystemI::createSoundInternal             : exinfo->numsubsounds       = 1
[LOG] SystemI::createSoundInternal             : exinfo->inclusionlist      = 000000398B5FEBB8
[LOG] SystemI::createSoundInternal             : exinfo->inclusionlistnum   = 1
[LOG] SystemI::createSoundInternal             : exinfo->suggestedsoundtype = 5
[LOG] SystemI::createSoundInternal             : exinfo->useropen           = 00007FFEFF1DDA70
[LOG] SystemI::createSoundInternal             : exinfo->userclose          = 00007FFEFF1DDA30
[LOG] SystemI::createSoundInternal             : exinfo->userread           = 00007FFEFF1DDB50
[LOG] SystemI::createSoundInternal             : exinfo->userseek           = 00007FFEFF1DDC10
[LOG] SystemI::createSoundInternal             : exinfo->fileuserdata       = 000001ACDDFA2FC8
[LOG] SystemI::createSoundInternal             : exinfo->initialseekpostype = 1
[LOG] SystemI::DSPCodecPoolRegister            : register codec pool for pool type 4
[LOG] SystemI::createSoundInternal             : Sample 0/1: name='Statue_footstep_base_03', format=5, channels=2, frequency=48000, lengthbytes=15808, lengthpcm=60000, pcmblocksize=0, loopstart=0, loopend=0, mode=0x00000000, channelmask=0x00000000, channelorder=0, peakvolume=0.098053.
[LOG] SystemI::createSoundInternal             : Create name='', mode=0x02000202
[LOG] SystemI::createSoundInternal             : exinfo->cbsize             = 224
[LOG] SystemI::createSoundInternal             : exinfo->length             = 10295840
[LOG] SystemI::createSoundInternal             : exinfo->fileoffset         = 112928
[LOG] SystemI::createSoundInternal             : exinfo->numsubsounds       = 1
[LOG] SystemI::createSoundInternal             : exinfo->inclusionlist      = 000000398B5FEBB8
[LOG] SystemI::createSoundInternal             : exinfo->inclusionlistnum   = 1
[LOG] SystemI::createSoundInternal             : exinfo->suggestedsoundtype = 5
[LOG] SystemI::createSoundInternal             : exinfo->useropen           = 00007FFEFF1DDA70
[LOG] SystemI::createSoundInternal             : exinfo->userclose          = 00007FFEFF1DDA30
[LOG] SystemI::createSoundInternal             : exinfo->userread           = 00007FFEFF1DDB50
[LOG] SystemI::createSoundInternal             : exinfo->userseek           = 00007FFEFF1DDC10
[LOG] SystemI::createSoundInternal             : exinfo->fileuserdata       = 000001ACDDFA2FC8
[LOG] SystemI::createSoundInternal             : exinfo->initialseekpostype = 1
[LOG] SystemI::DSPCodecPoolRegister            : register codec pool for pool type 4
[LOG] SystemI::createSoundInternal             : Sample 0/1: name='Statue_footstep_armor_08', format=5, channels=2, frequency=48000, lengthbytes=9120, lengthpcm=33000, pcmblocksize=0, loopstart=0, loopend=0, mode=0x00000000, channelmask=0x00000000, channelorder=0, peakvolume=0.074677.
[LOG] SystemI::createSoundInternal             : Create name='', mode=0x02000202
[LOG] SystemI::createSoundInternal             : exinfo->cbsize             = 224
[LOG] SystemI::createSoundInternal             : exinfo->length             = 10295840
[LOG] SystemI::createSoundInternal             : exinfo->fileoffset         = 112928
[LOG] SystemI::createSoundInternal             : exinfo->numsubsounds       = 1
[LOG] SystemI::createSoundInternal             : exinfo->inclusionlist      = 000000398B5FEBB8
[LOG] SystemI::createSoundInternal             : exinfo->inclusionlistnum   = 1
[LOG] SystemI::createSoundInternal             : exinfo->suggestedsoundtype = 5
[LOG] SystemI::createSoundInternal             : exinfo->useropen           = 00007FFEFF1DDA70
[LOG] SystemI::createSoundInternal             : exinfo->userclose          = 00007FFEFF1DDA30
[LOG] SystemI::createSoundInternal             : exinfo->userread           = 00007FFEFF1DDB50
[LOG] SystemI::createSoundInternal             : exinfo->userseek           = 00007FFEFF1DDC10
[LOG] SystemI::createSoundInternal             : exinfo->fileuserdata       = 000001ACDDFA2FC8
[LOG] SystemI::createSoundInternal             : exinfo->initialseekpostype = 1
[LOG] SystemI::DSPCodecPoolRegister            : register codec pool for pool type 4
[LOG] SystemI::createSoundInternal             : Sample 0/1: name='Statue_footstep_armor_04', format=5, channels=2, frequency=48000, lengthbytes=9728, lengthpcm=33000, pcmblocksize=0, loopstart=0, loopend=0, mode=0x00000000, channelmask=0x00000000, channelorder=0, peakvolume=0.129700.
[LOG] SystemI::createSoundInternal             : Create name='', mode=0x02000202
[LOG] SystemI::createSoundInternal             : exinfo->cbsize             = 224
[LOG] SystemI::createSoundInternal             : exinfo->length             = 10295840
[LOG] SystemI::createSoundInternal             : exinfo->fileoffset         = 112928
[LOG] SystemI::createSoundInternal             : exinfo->numsubsounds       = 1
[LOG] SystemI::createSoundInternal             : exinfo->inclusionlist      = 000000398B5FEBB8
[LOG] SystemI::createSoundInternal             : exinfo->inclusionlistnum   = 1
[LOG] SystemI::createSoundInternal             : exinfo->suggestedsoundtype = 5
[LOG] SystemI::createSoundInternal             : exinfo->useropen           = 00007FFEFF1DDA70
[LOG] SystemI::createSoundInternal             : exinfo->userclose          = 00007FFEFF1DDA30
[LOG] SystemI::createSoundInternal             : exinfo->userread           = 00007FFEFF1DDB50
[LOG] SystemI::createSoundInternal             : exinfo->userseek           = 00007FFEFF1DDC10
[LOG] SystemI::createSoundInternal             : exinfo->fileuserdata       = 000001ACDDFA2FC8
[LOG] SystemI::createSoundInternal             : exinfo->initialseekpostype = 1
[LOG] SystemI::DSPCodecPoolRegister            : register codec pool for pool type 4
[LOG] SystemI::createSoundInternal             : Sample 0/1: name='Statue_footstep_armor_10', format=5, channels=2, frequency=48000, lengthbytes=9472, lengthpcm=33000, pcmblocksize=0, loopstart=0, loopend=0, mode=0x00000000, channelmask=0x00000000, channelorder=0, peakvolume=0.095276.
[LOG] SystemI::createSoundInternal             : Create name='', mode=0x02000202
[LOG] SystemI::createSoundInternal             : exinfo->cbsize             = 224
[LOG] SystemI::createSoundInternal             : exinfo->length             = 10295840
[LOG] SystemI::createSoundInternal             : exinfo->fileoffset         = 112928
[LOG] SystemI::createSoundInternal             : exinfo->numsubsounds       = 1
[LOG] SystemI::createSoundInternal             : exinfo->inclusionlist      = 000000398B5FEBB8
[LOG] SystemI::createSoundInternal             : exinfo->inclusionlistnum   = 1
[LOG] SystemI::createSoundInternal             : exinfo->suggestedsoundtype = 5
[LOG] SystemI::createSoundInternal             : exinfo->useropen           = 00007FFEFF1DDA70
[LOG] SystemI::createSoundInternal             : exinfo->userclose          = 00007FFEFF1DDA30
[LOG] SystemI::createSoundInternal             : exinfo->userread           = 00007FFEFF1DDB50
[LOG] SystemI::createSoundInternal             : exinfo->userseek           = 00007FFEFF1DDC10
[LOG] SystemI::createSoundInternal             : exinfo->fileuserdata       = 000001ACDDFA2FC8
[LOG] SystemI::createSoundInternal             : exinfo->initialseekpostype = 1
[LOG] SystemI::DSPCodecPoolRegister            : register codec pool for pool type 4
[LOG] SystemI::createSoundInternal             : Sample 0/1: name='Statue_footstep_armor_07', format=5, channels=2, frequency=48000, lengthbytes=9088, lengthpcm=33000, pcmblocksize=0, loopstart=0, loopend=0, mode=0x00000000, channelmask=0x00000000, channelorder=0, peakvolume=0.079163.
[LOG] SystemI::createSoundInternal             : Create name='', mode=0x02000202
[LOG] SystemI::createSoundInternal             : exinfo->cbsize             = 224
[LOG] SystemI::createSoundInternal             : exinfo->length             = 10295840
[LOG] SystemI::createSoundInternal             : exinfo->fileoffset         = 112928
[LOG] SystemI::createSoundInternal             : exinfo->numsubsounds       = 1
[LOG] SystemI::createSoundInternal             : exinfo->inclusionlist      = 000000398B5FEBB8
[LOG] SystemI::createSoundInternal             : exinfo->inclusionlistnum   = 1
[LOG] SystemI::createSoundInternal             : exinfo->suggestedsoundtype = 5
[LOG] SystemI::createSoundInternal             : exinfo->useropen           = 00007FFEFF1DDA70
[LOG] SystemI::createSoundInternal             : exinfo->userclose          = 00007FFEFF1DDA30
[LOG] SystemI::createSoundInternal             : exinfo->userread           = 00007FFEFF1DDB50
[LOG] SystemI::createSoundInternal             : exinfo->userseek           = 00007FFEFF1DDC10
[LOG] SystemI::createSoundInternal             : exinfo->fileuserdata       = 000001ACDDFA2FC8
[LOG] SystemI::createSoundInternal             : exinfo->initialseekpostype = 1
[LOG] SystemI::DSPCodecPoolRegister            : register codec pool for pool type 4
[LOG] SystemI::createSoundInternal             : Sample 0/1: name='Statue_footstep_base_04', format=5, channels=2, frequency=48000, lengthbytes=15968, lengthpcm=60000, pcmblocksize=0, loopstart=0, loopend=0, mode=0x00000000, channelmask=0x00000000, channelorder=0, peakvolume=0.128021.
[LOG] SystemI::createSoundInternal             : Create name='', mode=0x02000202
[LOG] SystemI::createSoundInternal             : exinfo->cbsize             = 224
[LOG] SystemI::createSoundInternal             : exinfo->length             = 10295840
[LOG] SystemI::createSoundInternal             : exinfo->fileoffset         = 112928
[LOG] SystemI::createSoundInternal             : exinfo->numsubsounds       = 1
[LOG] SystemI::createSoundInternal             : exinfo->inclusionlist      = 000000398B5FEBB8
[LOG] SystemI::createSoundInternal             : exinfo->inclusionlistnum   = 1
[LOG] SystemI::createSoundInternal             : exinfo->suggestedsoundtype = 5
[LOG] SystemI::createSoundInternal             : exinfo->useropen           = 00007FFEFF1DDA70
[LOG] SystemI::createSoundInternal             : exinfo->userclose          = 00007FFEFF1DDA30
[LOG] SystemI::createSoundInternal             : exinfo->userread           = 00007FFEFF1DDB50
[LOG] SystemI::createSoundInternal             : exinfo->userseek           = 00007FFEFF1DDC10
[LOG] SystemI::createSoundInternal             : exinfo->fileuserdata       = 000001ACDDFA2FC8
[LOG] SystemI::createSoundInternal             : exinfo->initialseekpostype = 1
[LOG] SystemI::DSPCodecPoolRegister            : register codec pool for pool type 4
[LOG] SystemI::createSoundInternal             : Sample 0/1: name='Statue_footstep_base_01', format=5, channels=2, frequency=48000, lengthbytes=15872, lengthpcm=60000, pcmblocksize=0, loopstart=0, loopend=0, mode=0x00000000, channelmask=0x00000000, channelorder=0, peakvolume=0.107513.
[LOG] SystemI::createSoundInternal             : Create name='', mode=0x02000202
[LOG] SystemI::createSoundInternal             : exinfo->cbsize             = 224
[LOG] SystemI::createSoundInternal             : exinfo->length             = 10295840
[LOG] SystemI::createSoundInternal             : exinfo->fileoffset         = 112928
[LOG] SystemI::createSoundInternal             : exinfo->numsubsounds       = 1
[LOG] SystemI::createSoundInternal             : exinfo->inclusionlist      = 000000398B5FEBB8
[LOG] SystemI::createSoundInternal             : exinfo->inclusionlistnum   = 1
[LOG] SystemI::createSoundInternal             : exinfo->suggestedsoundtype = 5
[LOG] SystemI::createSoundInternal             : exinfo->useropen           = 00007FFEFF1DDA70
[LOG] SystemI::createSoundInternal             : exinfo->userclose          = 00007FFEFF1DDA30
[LOG] SystemI::createSoundInternal             : exinfo->userread           = 00007FFEFF1DDB50
[LOG] SystemI::createSoundInternal             : exinfo->userseek           = 00007FFEFF1DDC10
[LOG] SystemI::createSoundInternal             : exinfo->fileuserdata       = 000001ACDDFA2FC8
[LOG] SystemI::createSoundInternal             : exinfo->initialseekpostype = 1
[LOG] SystemI::DSPCodecPoolRegister            : register codec pool for pool type 4
[LOG] SystemI::createSoundInternal             : Sample 0/1: name='Statue_footstep_base_06', format=5, channels=2, frequency=48000, lengthbytes=15808, lengthpcm=60000, pcmblocksize=0, loopstart=0, loopend=0, mode=0x00000000, channelmask=0x00000000, channelorder=0, peakvolume=0.099518.
[LOG] SystemI::createSoundInternal             : Create name='', mode=0x02000202
[LOG] SystemI::createSoundInternal             : exinfo->cbsize             = 224
[LOG] SystemI::createSoundInternal             : exinfo->length             = 10295840
[LOG] SystemI::createSoundInternal             : exinfo->fileoffset         = 112928
[LOG] SystemI::createSoundInternal             : exinfo->numsubsounds       = 1
[LOG] SystemI::createSoundInternal             : exinfo->inclusionlist      = 000000398B5FEBB8
[LOG] SystemI::createSoundInternal             : exinfo->inclusionlistnum   = 1
[LOG] SystemI::createSoundInternal             : exinfo->suggestedsoundtype = 5
[LOG] SystemI::createSoundInternal             : exinfo->useropen           = 00007FFEFF1DDA70
[LOG] SystemI::createSoundInternal             : exinfo->userclose          = 00007FFEFF1DDA30
[LOG] SystemI::createSoundInternal             : exinfo->userread           = 00007FFEFF1DDB50
[LOG] SystemI::createSoundInternal             : exinfo->userseek           = 00007FFEFF1DDC10
[LOG] SystemI::createSoundInternal             : exinfo->fileuserdata       = 000001ACDDFA2FC8
[LOG] SystemI::createSoundInternal             : exinfo->initialseekpostype = 1
[LOG] SystemI::DSPCodecPoolRegister            : register codec pool for pool type 4
[LOG] SystemI::createSoundInternal             : Sample 0/1: name='Statue_footstep_base_05', format=5, channels=2, frequency=48000, lengthbytes=15840, lengthpcm=60000, pcmblocksize=0, loopstart=0, loopend=0, mode=0x00000000, channelmask=0x00000000, channelorder=0, peakvolume=0.108582.
[LOG] SystemI::createSoundInternal             : Create name='', mode=0x02000202
[LOG] SystemI::createSoundInternal             : exinfo->cbsize             = 224
[LOG] SystemI::createSoundInternal             : exinfo->length             = 10295840
[LOG] SystemI::createSoundInternal             : exinfo->fileoffset         = 112928
[LOG] SystemI::createSoundInternal             : exinfo->numsubsounds       = 1
[LOG] SystemI::createSoundInternal             : exinfo->inclusionlist      = 000000398B5FEBB8
[LOG] SystemI::createSoundInternal             : exinfo->inclusionlistnum   = 1
[LOG] SystemI::createSoundInternal             : exinfo->suggestedsoundtype = 5
[LOG] SystemI::createSoundInternal             : exinfo->useropen           = 00007FFEFF1DDA70
[LOG] SystemI::createSoundInternal             : exinfo->userclose          = 00007FFEFF1DDA30
[LOG] SystemI::createSoundInternal             : exinfo->userread           = 00007FFEFF1DDB50
[LOG] SystemI::createSoundInternal             : exinfo->userseek           = 00007FFEFF1DDC10
[LOG] SystemI::createSoundInternal             : exinfo->fileuserdata       = 000001ACDDFA2FC8
[LOG] SystemI::createSoundInternal             : exinfo->initialseekpostype = 1
[LOG] SystemI::DSPCodecPoolRegister            : register codec pool for pool type 4
[LOG] SystemI::createSoundInternal             : Sample 0/1: name='Statue_footstep_armor_03', format=5, channels=2, frequency=48000, lengthbytes=9088, lengthpcm=33000, pcmblocksize=0, loopstart=0, loopend=0, mode=0x00000000, channelmask=0x00000000, channelorder=0, peakvolume=0.057617.
[LOG] SystemI::createSoundInternal             : Create name='', mode=0x02000202
[LOG] SystemI::createSoundInternal             : exinfo->cbsize             = 224
[LOG] SystemI::createSoundInternal             : exinfo->length             = 10295840
[LOG] SystemI::createSoundInternal             : exinfo->fileoffset         = 112928
[LOG] SystemI::createSoundInternal             : exinfo->numsubsounds       = 1
[LOG] SystemI::createSoundInternal             : exinfo->inclusionlist      = 000000398B5FEBB8
[LOG] SystemI::createSoundInternal             : exinfo->inclusionlistnum   = 1
[LOG] SystemI::createSoundInternal             : exinfo->suggestedsoundtype = 5
[LOG] SystemI::createSoundInternal             : exinfo->useropen           = 00007FFEFF1DDA70
[LOG] SystemI::createSoundInternal             : exinfo->userclose          = 00007FFEFF1DDA30
[LOG] SystemI::createSoundInternal             : exinfo->userread           = 00007FFEFF1DDB50
[LOG] SystemI::createSoundInternal             : exinfo->userseek           = 00007FFEFF1DDC10
[LOG] SystemI::createSoundInternal             : exinfo->fileuserdata       = 000001ACDDFA2FC8
[LOG] SystemI::createSoundInternal             : exinfo->initialseekpostype = 1
[LOG] SystemI::DSPCodecPoolRegister            : register codec pool for pool type 4
[LOG] SystemI::createSoundInternal             : Sample 0/1: name='Statue_footstep_armor_02', format=5, channels=2, frequency=48000, lengthbytes=9664, lengthpcm=33000, pcmblocksize=0, loopstart=0, loopend=0, mode=0x00000000, channelmask=0x00000000, channelorder=0, peakvolume=0.117584.
[LOG] SystemI::createSoundInternal             : Create name='', mode=0x02000202
[LOG] SystemI::createSoundInternal             : exinfo->cbsize             = 224
[LOG] SystemI::createSoundInternal             : exinfo->length             = 10295840
[LOG] SystemI::createSoundInternal             : exinfo->fileoffset         = 112928
[LOG] SystemI::createSoundInternal             : exinfo->numsubsounds       = 1
[LOG] SystemI::createSoundInternal             : exinfo->inclusionlist      = 000000398B5FEBB8
[LOG] SystemI::createSoundInternal             : exinfo->inclusionlistnum   = 1
[LOG] SystemI::createSoundInternal             : exinfo->suggestedsoundtype = 5
[LOG] SystemI::createSoundInternal             : exinfo->useropen           = 00007FFEFF1DDA70
[LOG] SystemI::createSoundInternal             : exinfo->userclose          = 00007FFEFF1DDA30
[LOG] SystemI::createSoundInternal             : exinfo->userread           = 00007FFEFF1DDB50
[LOG] SystemI::createSoundInternal             : exinfo->userseek           = 00007FFEFF1DDC10
[LOG] SystemI::createSoundInternal             : exinfo->fileuserdata       = 000001ACDDFA2FC8
[LOG] SystemI::createSoundInternal             : exinfo->initialseekpostype = 1
[LOG] SystemI::DSPCodecPoolRegister            : register codec pool for pool type 4
[LOG] SystemI::createSoundInternal             : Sample 0/1: name='Statue_footstep_armor_06', format=5, channels=2, frequency=48000, lengthbytes=9696, lengthpcm=33000, pcmblocksize=0, loopstart=0, loopend=0, mode=0x00000000, channelmask=0x00000000, channelorder=0, peakvolume=0.107849.
[LOG] SystemI::createSoundInternal             : Create name='', mode=0x02000202
[LOG] SystemI::createSoundInternal             : exinfo->cbsize             = 224
[LOG] SystemI::createSoundInternal             : exinfo->length             = 10295840
[LOG] SystemI::createSoundInternal             : exinfo->fileoffset         = 112928
[LOG] SystemI::createSoundInternal             : exinfo->numsubsounds       = 1
[LOG] SystemI::createSoundInternal             : exinfo->inclusionlist      = 000000398B5FEBB8
[LOG] SystemI::createSoundInternal             : exinfo->inclusionlistnum   = 1
[LOG] SystemI::createSoundInternal             : exinfo->suggestedsoundtype = 5
[LOG] SystemI::createSoundInternal             : exinfo->useropen           = 00007FFEFF1DDA70
[LOG] SystemI::createSoundInternal             : exinfo->userclose          = 00007FFEFF1DDA30
[LOG] SystemI::createSoundInternal             : exinfo->userread           = 00007FFEFF1DDB50
[LOG] SystemI::createSoundInternal             : exinfo->userseek           = 00007FFEFF1DDC10
[LOG] SystemI::createSoundInternal             : exinfo->fileuserdata       = 000001ACDDFA2FC8
[LOG] SystemI::createSoundInternal             : exinfo->initialseekpostype = 1
[LOG] SystemI::DSPCodecPoolRegister            : register codec pool for pool type 4
[LOG] SystemI::createSoundInternal             : Sample 0/1: name='Statue_footstep_armor_01', format=5, channels=2, frequency=48000, lengthbytes=8160, lengthpcm=28500, pcmblocksize=0, loopstart=0, loopend=0, mode=0x00000000, channelmask=0x00000000, channelorder=0, peakvolume=0.064667.
[LOG] SystemI::createSoundInternal             : Create name='', mode=0x02000202
[LOG] SystemI::createSoundInternal             : exinfo->cbsize             = 224
[LOG] SystemI::createSoundInternal             : exinfo->length             = 10295840
[LOG] SystemI::createSoundInternal             : exinfo->fileoffset         = 112928
[LOG] SystemI::createSoundInternal             : exinfo->numsubsounds       = 1
[LOG] SystemI::createSoundInternal             : exinfo->inclusionlist      = 000000398B5FEBB8
[LOG] SystemI::createSoundInternal             : exinfo->inclusionlistnum   = 1
[LOG] SystemI::createSoundInternal             : exinfo->suggestedsoundtype = 5
[LOG] SystemI::createSoundInternal             : exinfo->useropen           = 00007FFEFF1DDA70
[LOG] SystemI::createSoundInternal             : exinfo->userclose          = 00007FFEFF1DDA30
[LOG] SystemI::createSoundInternal             : exinfo->userread           = 00007FFEFF1DDB50
[LOG] SystemI::createSoundInternal             : exinfo->userseek           = 00007FFEFF1DDC10
[LOG] SystemI::createSoundInternal             : exinfo->fileuserdata       = 000001ACDDFA1F48
[LOG] SystemI::createSoundInternal             : exinfo->initialseekpostype = 1
[LOG] SystemI::DSPCodecPoolRegister            : register codec pool for pool type 4
[LOG] SystemI::createSoundInternal             : Sample 0/1: name='Statue_footstep_sword_01', format=5, channels=2, frequency=48000, lengthbytes=9600, lengthpcm=33000, pcmblocksize=0, loopstart=0, loopend=0, mode=0x00000000, channelmask=0x00000000, channelorder=0, peakvolume=0.093781.
[LOG] SystemI::createSoundInternal             : Create name='', mode=0x02000202
[LOG] SystemI::createSoundInternal             : exinfo->cbsize             = 224
[LOG] SystemI::createSoundInternal             : exinfo->length             = 10295840
[LOG] SystemI::createSoundInternal             : exinfo->fileoffset         = 112928
[LOG] SystemI::createSoundInternal             : exinfo->numsubsounds       = 1
[LOG] SystemI::createSoundInternal             : exinfo->inclusionlist      = 000000398B5FEBB8
[LOG] SystemI::createSoundInternal             : exinfo->inclusionlistnum   = 1
[LOG] SystemI::createSoundInternal             : exinfo->suggestedsoundtype = 5
[LOG] SystemI::createSoundInternal             : exinfo->useropen           = 00007FFEFF1DDA70
[LOG] SystemI::createSoundInternal             : exinfo->userclose          = 00007FFEFF1DDA30
[LOG] SystemI::createSoundInternal             : exinfo->userread           = 00007FFEFF1DDB50
[LOG] SystemI::createSoundInternal             : exinfo->userseek           = 00007FFEFF1DDC10
[LOG] SystemI::createSoundInternal             : exinfo->fileuserdata       = 000001ACDDFA1F48
[LOG] SystemI::createSoundInternal             : exinfo->initialseekpostype = 1
[LOG] SystemI::DSPCodecPoolRegister            : register codec pool for pool type 4
[LOG] SystemI::createSoundInternal             : Sample 0/1: name='Statue_footstep_sword_03', format=5, channels=2, frequency=48000, lengthbytes=9120, lengthpcm=33000, pcmblocksize=0, loopstart=0, loopend=0, mode=0x00000000, channelmask=0x00000000, channelorder=0, peakvolume=0.104340.
[LOG] SystemI::createSoundInternal             : Create name='', mode=0x02000202
[LOG] SystemI::createSoundInternal             : exinfo->cbsize             = 224
[LOG] SystemI::createSoundInternal             : exinfo->length             = 10295840
[LOG] SystemI::createSoundInternal             : exinfo->fileoffset         = 112928
[LOG] SystemI::createSoundInternal             : exinfo->numsubsounds       = 1
[LOG] SystemI::createSoundInternal             : exinfo->inclusionlist      = 000000398B5FEBB8
[LOG] SystemI::createSoundInternal             : exinfo->inclusionlistnum   = 1
[LOG] SystemI::createSoundInternal             : exinfo->suggestedsoundtype = 5
[LOG] SystemI::createSoundInternal             : exinfo->useropen           = 00007FFEFF1DDA70
[LOG] SystemI::createSoundInternal             : exinfo->userclose          = 00007FFEFF1DDA30
[LOG] SystemI::createSoundInternal             : exinfo->userread           = 00007FFEFF1DDB50
[LOG] SystemI::createSoundInternal             : exinfo->userseek           = 00007FFEFF1DDC10
[LOG] SystemI::createSoundInternal             : exinfo->fileuserdata       = 000001ACDDFA1F48
[LOG] SystemI::createSoundInternal             : exinfo->initialseekpostype = 1
[LOG] SystemI::DSPCodecPoolRegister            : register codec pool for pool type 4
[LOG] SystemI::createSoundInternal             : Sample 0/1: name='Statue_footstep_sword_02', format=5, channels=2, frequency=48000, lengthbytes=9440, lengthpcm=33000, pcmblocksize=0, loopstart=0, loopend=0, mode=0x00000000, channelmask=0x00000000, channelorder=0, peakvolume=0.145050.
[LOG] SoundI::release                          :  (000001AC12806238)
[LOG] SoundI::release                          :     Statue_footstep_armor_01 (000001A72AA32428)
[LOG] SoundI::release                          :  (000001AC12805B58)
[LOG] SoundI::release                          :     Statue_footstep_armor_02 (000001A72AA328A8)
[LOG] SoundI::release                          :  (000001AC12805CB8)
[LOG] SoundI::release                          :     Statue_footstep_armor_03 (000001A72AA31E28)
[LOG] SoundI::release                          :  (000001AC12805478)
[LOG] SoundI::release                          :     Statue_footstep_armor_04 (000001AAA4499B78)
[LOG] SoundI::release                          :  (000001AC128046B8)
[LOG] SoundI::release                          :     Statue_footstep_armor_05 (000001AAA4498F78)
[LOG] SoundI::release                          :  (000001AC12805E18)
[LOG] SoundI::release                          :     Statue_footstep_armor_06 (000001A72AA32128)
[LOG] SoundI::release                          :  (000001AC128060D8)
[LOG] SoundI::release                          :     Statue_footstep_armor_07 (000001AAA44996F8)
[LOG] SoundI::release                          :  (000001AC12805738)
[LOG] SoundI::release                          :     Statue_footstep_armor_08 (000001AAA4499578)
[LOG] SoundI::release                          :  (000001AC12806BD8)
[LOG] SoundI::release                          :     Statue_footstep_armor_09 (000001AAA44999F8)
[LOG] SoundI::release                          :  (000001AC12806A78)
[LOG] SoundI::release                          :     Statue_footstep_armor_10 (000001AAA4499CF8)
[LOG] SoundI::release                          :  (000001AC12804978)
[LOG] SoundI::release                          :     Statue_footstep_base_05 (000001A72AA32A28)
[LOG] SoundI::release                          :  (000001AC12807418)
[LOG] SoundI::release                          :     Statue_footstep_base_06 (000001A72AA31FA8)
[LOG] SoundI::release                          :  (000001AC12804818)
[LOG] SoundI::release                          :     Statue_footstep_base_01 (000001A72AA32BA8)
[LOG] SoundI::release                          :  (000001AC12804EF8)
[LOG] SoundI::release                          :     Statue_footstep_base_02 (000001AAA4499878)
[LOG] SoundI::release                          :  (000001AC12806918)
[LOG] SoundI::release                          :     Statue_footstep_base_03 (000001AAA4499278)
[LOG] SoundI::release                          :  (000001AC128043F8)
[LOG] SoundI::release                          :     Statue_footstep_base_04 (000001A72AA322A8)
[LOG] SoundI::release                          :  (000001AC128067B8)
[LOG] SoundI::release                          :     Statue_footstep_sword_02 (000001AC55F5E128)
[LOG] SoundI::release                          :  (000001AC12806658)
[LOG] SoundI::release                          :     Statue_footstep_sword_03 (000001A72AA32728)
[LOG] SoundI::release                          :  (000001AC128064F8)
[LOG] SoundI::release                          :     Statue_footstep_sword_01 (000001A72AA325A8)
[LOG] SoundI::release                          :  (000001ADA3A9D4B8)
[LOG] SoundI::release                          :     Statue_footstep_head_01 (000001A856BA5568)
[LOG] SoundI::release                          :  (000001ADA3A9CF38)
[LOG] SoundI::release                          :     Statue_footstep_head_02 (000001AA81231788)
[LOG] SoundI::release                          :  (000001ADA3A9B3B8)
[LOG] SoundI::release                          :     Statue_footstep_head_03 (000001A856BA5FE8)
[LOG] SoundI::release                          :  (000001ADA3A9B678)
[LOG] SoundI::release                          :     Statue_footstep_head_04 (000001AA81231D88)
[LOG] SoundI::release                          :  (000001ADA3A9A5F8)
[LOG] SoundI::release                          :     Statue_footstep_head_05 (000001A856BA5268)
[LOG] SoundI::release                          :  (000001ADA3A9C6F8)
[LOG] SoundI::release                          :     Statue_footstep_head_06 (000001AA81231908)
[LOG] SoundI::release                          :  (000001ADA3A9A758)
[LOG] SoundI::release                          :     Statue_footstep_head_07 (000001AA81231C08)
[LOG] Thread::callback                         : FMOD Studio bank load thread finished.
[LOG] Thread::callback                         : FMOD Studio sample load thread finished.
[LOG] LiveUpdate::release                      : 
[LOG] LiveUpdate::reset                        : Reset connection (reason Disconnected)
[LOG] Thread::callback                         : FMOD stream thread finished.
[LOG] Thread::callback                         : FMOD mixer thread finished.
[LOG] SystemI::closeInternal                   : Closed.
[LOG] Thread::callback                         : FMOD nonblocking thread (0) finished.
[LOG] Thread::callback                         : FMOD file thread finished.
